{
    "login": "SergeySubachev",
    "id": 56560526,
    "node_id": "MDQ6VXNlcjU2NTYwNTI2",
    "avatar_url": "https://avatars.githubusercontent.com/u/56560526?v=4",
    "gravatar_id": "",
    "url": "https://api.github.com/users/SergeySubachev",
    "html_url": "https://github.com/SergeySubachev",
    "followers_url": "https://api.github.com/users/SergeySubachev/followers",
    "following_url": "https://api.github.com/users/SergeySubachev/following{/other_user}",
    "gists_url": "https://api.github.com/users/SergeySubachev/gists{/gist_id}",
    "starred_url": "https://api.github.com/users/SergeySubachev/starred{/owner}{/repo}",
    "subscriptions_url": "https://api.github.com/users/SergeySubachev/subscriptions",
    "organizations_url": "https://api.github.com/users/SergeySubachev/orgs",
    "repos_url": "https://api.github.com/users/SergeySubachev/repos",
    "events_url": "https://api.github.com/users/SergeySubachev/events{/privacy}",
    "received_events_url": "https://api.github.com/users/SergeySubachev/received_events",
    "type": "User",
    "site_admin": false,
    "name": "Sergey Subachev",
    "company": null,
    "blog": "",
    "location": "Ekaterinburg, Russia",
    "email": null,
    "hireable": null,
    "bio": null,
    "twitter_username": null,
    "public_repos": 22,
    "public_gists": 0,
    "followers": 0,
    "following": 0,
    "created_at": "2019-10-14T18:52:44Z",
    "updated_at": "2021-05-12T03:33:41Z"
}